,A,V,Vell,M
1,5,5,25,0
4,4,1,29,[ERR]
3,[ERR],7,5,3
