,Cell,V,rot
1,10,[ERR],8
70,[ERR],9,10
4,3,[ERR],8
